// Jest Snapshot v1, https://goo.gl/fbAQLP

exports[`renders homepage unchanged 1`] = `
<div>
  <button
    class="styles__ButtonCategorie-sc-ufcdqw-0 cbhaIi"
  />
</div>
`;
