// Jest Snapshot v1, https://goo.gl/fbAQLP

exports[`renders homepage unchanged 1`] = `
<div>
  <div>
    <h1
      class="styles__Title-sc-10nqz06-0 jjelgr"
    >
      Hello world
    </h1>
  </div>
</div>
`;
